// Jest Snapshot v1, https://goo.gl/fbAQLP

exports[`should render ExpenseDashBoardPage correctly 1`] = `
<div>
  <Connect(Header) />
  <br />
  <div
    className="container mb-3"
  >
    <h3>
      Welcome 
      theuser
      .
    </h3>
  </div>
  <div>
    <Connect(PostsList) />
  </div>
</div>
`;
