// Jest Snapshot v1, https://goo.gl/fbAQLP

exports[`should render header component 1`] = `
<nav
  className="navbar navbar-expand-sm navbar-dark bg-dark mb-3"
>
  <div
    className="container"
  >
    <Link
      className="navbar-brand"
      replace={false}
      to="/"
    >
      React Blog
    </Link>
    <ul
      className="navbar-nav"
    >
      <div>
        <li
          className="nav-item d-inline-block"
        >
          <Link
            className="nav-link"
            replace={false}
            to="/signup"
          >
            Sign Up
          </Link>
        </li>
        <li
          className="nav-item d-inline-block"
        >
          <Link
            className="nav-link"
            replace={false}
            to="/signin"
          >
            Sign In
          </Link>
        </li>
      </div>
    </ul>
  </div>
</nav>
`;
