// Jest Snapshot v1, https://goo.gl/fbAQLP

exports[`should render header component 1`] = `
<nav
  className="navbar navbar-expand-sm navbar-light bg-light fixed-top py-4"
>
  <div
    className="container"
  >
    <Link
      className="navbar-brand"
      replace={false}
      to="/"
    >
      <h3
        className="mb-0"
      >
        React Blog
      </h3>
    </Link>
    <button
      aria-expanded="false"
      className="navbar-toggler collapsed"
      data-target="#navbarCollapse"
      data-toggle="collapse"
    >
      <span
        className="navbar-toggler-icon"
      />
    </button>
    <div
      className="navbar-collapse collapse"
      id="navbarCollapse"
    >
      <ul
        className="navbar-nav ml-auto"
      >
        <div>
          <li
            className="nav-item d-sm-inline-block"
          >
            <Link
              className="nav-link"
              replace={false}
              to="/signup"
            >
              Sign Up
            </Link>
          </li>
          <li
            className="nav-item d-sm-inline-block"
          >
            <Link
              className="nav-link"
              replace={false}
              to="/signin"
            >
              Sign In
            </Link>
          </li>
        </div>
      </ul>
    </div>
  </div>
</nav>
`;
