// Jest Snapshot v1, https://goo.gl/fbAQLP

exports[`should render SignupPage correctly 1`] = `
<div
  className="container mt-4"
>
  <h3
    className="mb-3 text-center"
  >
    Sign Up
  </h3>
  <ul
    className="error-list list-group mb-3"
  />
  <form
    onSubmit={[Function]}
  >
    <div
      className="form-group"
    >
      <label
        for="displayname"
      >
        Display Name:
      </label>
      <input
        autoFocus={true}
        className="form-control"
        name="displayname"
        onChange={[Function]}
        placeholder="Enter a 6-12 character display name"
        type="text"
      />
    </div>
    <div
      className="form-group"
    >
      <label
        for="email"
      >
        Email:
      </label>
      <input
        className="form-control"
        name="email"
        onChange={[Function]}
        placeholder="Enter a valid email"
        type="text"
      />
    </div>
    <div
      className="form-group"
    >
      <label
        for="password"
      >
        Password:
      </label>
      <input
        className="form-control"
        name="password"
        onChange={[Function]}
        placeholder="Enter a 6-12 character password"
        type="password"
      />
    </div>
    <div
      className="form-group"
    >
      <label
        for="passwordConfirm"
      >
        Confirm Password:
      </label>
      <input
        className="form-control"
        name="passwordConfirm"
        placeholder="Re-enter your password"
        type="password"
      />
    </div>
    <div
      className="form-group"
    >
      <button
        className="btn btn-primary btn-block"
      >
        Signup
      </button>
    </div>
  </form>
</div>
`;
